Tại dòng: 4, Lỗi tại 't': Đã có biến với tên này trong phạm vi hiện tại
