Tại dòng: 1, Lỗi tại 'trả': Không thể sử dụng câu lệnh 'trả' ở ngoài hàm
