On line: 3, Error at 'test': Can't read local variable in its initializer
